// Vitest Snapshot v1, https://vitest.dev/guide/snapshot.html

exports[`sprite painters > matches the recorded fingerprints (regression guard) 1`] = `
{
  "sprite_bamboo": {
    "bbox": [
      6,
      8,
      42,
      50.1,
    ],
    "circles": 0,
    "digest": "dcfae5dd",
    "lines": 0,
    "ops": 25,
    "polys": 3,
    "rects": 22,
  },
  "sprite_bed": {
    "bbox": [
      2.0765219709807674,
      18,
      45.923478029019236,
      41.1,
    ],
    "circles": 0,
    "digest": "bbc45a33",
    "lines": 0,
    "ops": 20,
    "polys": 0,
    "rects": 20,
  },
  "sprite_berry_bush": {
    "bbox": [
      5,
      5,
      35,
      32.1,
    ],
    "circles": 19,
    "digest": "c4700735",
    "lines": 0,
    "ops": 35,
    "polys": 0,
    "rects": 16,
  },
  "sprite_boar": {
    "bbox": [
      7.018761733421366,
      11,
      47,
      42.1,
    ],
    "circles": 1,
    "digest": "ba30b215",
    "lines": 0,
    "ops": 54,
    "polys": 2,
    "rects": 51,
  },
  "sprite_boat_workshop": {
    "bbox": [
      2.076628477637982,
      14,
      61.92337152236202,
      60.1,
    ],
    "circles": 0,
    "digest": "4ef5bd2c",
    "lines": 3,
    "ops": 23,
    "polys": 2,
    "rects": 18,
  },
  "sprite_bush": {
    "bbox": [
      5,
      5,
      35,
      32.1,
    ],
    "circles": 7,
    "digest": "41b6b4c1",
    "lines": 0,
    "ops": 23,
    "polys": 0,
    "rects": 16,
  },
  "sprite_campfire": {
    "bbox": [
      4,
      8,
      44,
      47.1,
    ],
    "circles": 19,
    "digest": "743b9cb4",
    "lines": 2,
    "ops": 53,
    "polys": 4,
    "rects": 28,
  },
  "sprite_clay_mound": {
    "bbox": [
      5.043422803994858,
      12,
      38.95657719600514,
      38.1,
    ],
    "circles": 3,
    "digest": "c72b273c",
    "lines": 0,
    "ops": 70,
    "polys": 0,
    "rects": 67,
  },
  "sprite_cooking_station": {
    "bbox": [
      2.0765219709807674,
      10.5,
      45.923478029019236,
      47.1,
    ],
    "circles": 0,
    "digest": "f26a3fad",
    "lines": 2,
    "ops": 59,
    "polys": 2,
    "rects": 55,
  },
  "sprite_crab": {
    "bbox": [
      4,
      7,
      38,
      32.1,
    ],
    "circles": 6,
    "digest": "3e28e0b9",
    "lines": 0,
    "ops": 40,
    "polys": 0,
    "rects": 34,
  },
  "sprite_crocodile": {
    "bbox": [
      4.035190649494776,
      15,
      52,
      37.1,
    ],
    "circles": 1,
    "digest": "f4217b28",
    "lines": 0,
    "ops": 48,
    "polys": 6,
    "rects": 41,
  },
  "sprite_dock": {
    "bbox": [
      0,
      22,
      64,
      50,
    ],
    "circles": 0,
    "digest": "99190465",
    "lines": 0,
    "ops": 11,
    "polys": 0,
    "rects": 11,
  },
  "sprite_drying_rack": {
    "bbox": [
      4.100251257867601,
      14,
      43.8997487421324,
      44.1,
    ],
    "circles": 4,
    "digest": "89e237af",
    "lines": 0,
    "ops": 21,
    "polys": 0,
    "rects": 17,
  },
  "sprite_farm_plot": {
    "bbox": [
      6,
      12,
      42,
      38,
    ],
    "circles": 9,
    "digest": "5487bc42",
    "lines": 0,
    "ops": 23,
    "polys": 0,
    "rects": 14,
  },
  "sprite_fence": {
    "bbox": [
      6.141178650314014,
      12,
      41.85882134968598,
      44.1,
    ],
    "circles": 0,
    "digest": "a500e569",
    "lines": 0,
    "ops": 14,
    "polys": 0,
    "rects": 14,
  },
  "sprite_fish": {
    "bbox": [
      2,
      8,
      33.976539567003485,
      31.1,
    ],
    "circles": 2,
    "digest": "7974724d",
    "lines": 0,
    "ops": 28,
    "polys": 2,
    "rects": 24,
  },
  "sprite_forge": {
    "bbox": [
      0.09043505661363582,
      8,
      58,
      57.1,
    ],
    "circles": 0,
    "digest": "3c7c5610",
    "lines": 0,
    "ops": 39,
    "polys": 1,
    "rects": 38,
  },
  "sprite_gem_vein": {
    "bbox": [
      8,
      12,
      34,
      39.1,
    ],
    "circles": 9,
    "digest": "96d0b821",
    "lines": 2,
    "ops": 20,
    "polys": 3,
    "rects": 6,
  },
  "sprite_gold_vein": {
    "bbox": [
      8,
      12,
      34,
      39.1,
    ],
    "circles": 8,
    "digest": "4d42ad37",
    "lines": 2,
    "ops": 19,
    "polys": 3,
    "rects": 6,
  },
  "sprite_hawk": {
    "bbox": [
      6,
      12.5,
      43,
      33,
    ],
    "circles": 1,
    "digest": "594461a4",
    "lines": 0,
    "ops": 34,
    "polys": 3,
    "rects": 30,
  },
  "sprite_herb": {
    "bbox": [
      9,
      19,
      30,
      42,
    ],
    "circles": 10,
    "digest": "9ef9eb76",
    "lines": 0,
    "ops": 15,
    "polys": 0,
    "rects": 5,
  },
  "sprite_house": {
    "bbox": [
      2.076628477637982,
      8,
      61.92337152236202,
      60.1,
    ],
    "circles": 0,
    "digest": "3d292cbc",
    "lines": 2,
    "ops": 25,
    "polys": 2,
    "rects": 21,
  },
  "sprite_iron_vein": {
    "bbox": [
      8,
      12,
      34,
      39.1,
    ],
    "circles": 8,
    "digest": "2344d7cf",
    "lines": 2,
    "ops": 19,
    "polys": 3,
    "rects": 6,
  },
  "sprite_komodo": {
    "bbox": [
      0,
      13,
      60,
      39,
    ],
    "circles": 2,
    "digest": "8218c6b1",
    "lines": 3,
    "ops": 55,
    "polys": 6,
    "rects": 44,
  },
  "sprite_lamp": {
    "bbox": [
      15.070589325157007,
      10,
      32.92941067484299,
      45.1,
    ],
    "circles": 3,
    "digest": "44d984",
    "lines": 0,
    "ops": 16,
    "polys": 0,
    "rects": 13,
  },
  "sprite_monkey": {
    "bbox": [
      9,
      7,
      35,
      38.5375,
    ],
    "circles": 8,
    "digest": "d1d3943d",
    "lines": 0,
    "ops": 18,
    "polys": 0,
    "rects": 10,
  },
  "sprite_mushroom": {
    "bbox": [
      8.04705955010467,
      15.666666666666666,
      28.960783708246105,
      34,
    ],
    "circles": 6,
    "digest": "b4f26cf6",
    "lines": 0,
    "ops": 31,
    "polys": 0,
    "rects": 25,
  },
  "sprite_npc": {
    "bbox": [
      5,
      4,
      27,
      49.5375,
    ],
    "circles": 0,
    "digest": "bd83e556",
    "lines": 0,
    "ops": 29,
    "polys": 0,
    "rects": 29,
  },
  "sprite_obsidian_rock": {
    "bbox": [
      4.09022613208084,
      8,
      39.90977386791916,
      40.1,
    ],
    "circles": 1,
    "digest": "c9f17922",
    "lines": 2,
    "ops": 16,
    "polys": 3,
    "rects": 10,
  },
  "sprite_oyster_bed": {
    "bbox": [
      6.020012515649457,
      14.5,
      37.979987484350545,
      37.1,
    ],
    "circles": 2,
    "digest": "fdd56eb9",
    "lines": 4,
    "ops": 114,
    "polys": 0,
    "rects": 108,
  },
  "sprite_palm": {
    "bbox": [
      13.181827136617498,
      2,
      50,
      50.1,
    ],
    "circles": 4,
    "digest": "f669cd95",
    "lines": 0,
    "ops": 49,
    "polys": 11,
    "rects": 34,
  },
  "sprite_pine": {
    "bbox": [
      12.167840433800768,
      -4,
      35.83215956619923,
      50.1,
    ],
    "circles": 0,
    "digest": "623f76ae",
    "lines": 0,
    "ops": 17,
    "polys": 8,
    "rects": 9,
  },
  "sprite_player": {
    "bbox": [
      5,
      4,
      27,
      49.5375,
    ],
    "circles": 0,
    "digest": "2f97fb40",
    "lines": 0,
    "ops": 49,
    "polys": 0,
    "rects": 49,
  },
  "sprite_rare_plant": {
    "bbox": [
      9,
      10,
      31,
      36,
    ],
    "circles": 9,
    "digest": "9008599d",
    "lines": 0,
    "ops": 10,
    "polys": 0,
    "rects": 1,
  },
  "sprite_rock": {
    "bbox": [
      8,
      12,
      34,
      39.1,
    ],
    "circles": 0,
    "digest": "24981fc7",
    "lines": 2,
    "ops": 11,
    "polys": 3,
    "rects": 6,
  },
  "sprite_ruin_cache": {
    "bbox": [
      6.080201006294081,
      17,
      37.91979899370592,
      39.1,
    ],
    "circles": 2,
    "digest": "b491bc8f",
    "lines": 1,
    "ops": 21,
    "polys": 0,
    "rects": 18,
  },
  "sprite_salt_flat": {
    "bbox": [
      4.015631787577302,
      10.5,
      39.984368212422694,
      36.1,
    ],
    "circles": 0,
    "digest": "11f476b8",
    "lines": 5,
    "ops": 71,
    "polys": 0,
    "rects": 66,
  },
  "sprite_sand_bank": {
    "bbox": [
      4.0626088853479025,
      12,
      39.9373911146521,
      37.1,
    ],
    "circles": 0,
    "digest": "53430674",
    "lines": 2,
    "ops": 17,
    "polys": 2,
    "rects": 13,
  },
  "sprite_scaffold": {
    "bbox": [
      4.069565428164335,
      16,
      43.93043457183566,
      47.1,
    ],
    "circles": 2,
    "digest": "19df36e7",
    "lines": 2,
    "ops": 22,
    "polys": 0,
    "rects": 18,
  },
  "sprite_seagull": {
    "bbox": [
      6,
      12.5,
      43,
      33,
    ],
    "circles": 1,
    "digest": "4b616bca",
    "lines": 0,
    "ops": 34,
    "polys": 3,
    "rects": 30,
  },
  "sprite_shell_pile": {
    "bbox": [
      -2,
      12,
      41,
      43,
    ],
    "circles": 0,
    "digest": "9c287563",
    "lines": 30,
    "ops": 90,
    "polys": 0,
    "rects": 60,
  },
  "sprite_shelter": {
    "bbox": [
      2.0765219709807674,
      8,
      45.923478029019236,
      49.1,
    ],
    "circles": 0,
    "digest": "a62ac6b6",
    "lines": 2,
    "ops": 20,
    "polys": 2,
    "rects": 16,
  },
  "sprite_snake": {
    "bbox": [
      6,
      11,
      45,
      34,
    ],
    "circles": 14,
    "digest": "5f52bcf8",
    "lines": 0,
    "ops": 27,
    "polys": 0,
    "rects": 13,
  },
  "sprite_storage": {
    "bbox": [
      6.09022613208084,
      16,
      41.90977386791916,
      42.1,
    ],
    "circles": 1,
    "digest": "2bd23679",
    "lines": 3,
    "ops": 20,
    "polys": 0,
    "rects": 16,
  },
  "sprite_sulfur_vent": {
    "bbox": [
      5.059130613939686,
      6.5,
      38.940869386060314,
      37.1,
    ],
    "circles": 10,
    "digest": "d978ee05",
    "lines": 0,
    "ops": 78,
    "polys": 0,
    "rects": 68,
  },
  "sprite_tiger": {
    "bbox": [
      7.017571064126798,
      6,
      48.98610037780571,
      44.1,
    ],
    "circles": 1,
    "digest": "e0003364",
    "lines": 0,
    "ops": 58,
    "polys": 2,
    "rects": 55,
  },
  "sprite_torch": {
    "bbox": [
      16.062746066806227,
      6,
      31.937253933193773,
      45.1,
    ],
    "circles": 0,
    "digest": "b0f0b099",
    "lines": 0,
    "ops": 13,
    "polys": 3,
    "rects": 10,
  },
  "sprite_tree": {
    "bbox": [
      7,
      2,
      42,
      47,
    ],
    "circles": 10,
    "digest": "44624563",
    "lines": 0,
    "ops": 50,
    "polys": 0,
    "rects": 40,
  },
  "sprite_watchtower": {
    "bbox": [
      6.069565428164335,
      6,
      45.93043457183566,
      59.1,
    ],
    "circles": 0,
    "digest": "6ce8d2ad",
    "lines": 5,
    "ops": 21,
    "polys": 2,
    "rects": 14,
  },
  "sprite_water_collector": {
    "bbox": [
      6.09022613208084,
      12.5,
      41.90977386791916,
      44.1,
    ],
    "circles": 1,
    "digest": "f2be9a65",
    "lines": 0,
    "ops": 24,
    "polys": 0,
    "rects": 23,
  },
  "sprite_well": {
    "bbox": [
      2.0834785137972034,
      6,
      49.9165214862028,
      55.1,
    ],
    "circles": 0,
    "digest": "55484721",
    "lines": 0,
    "ops": 54,
    "polys": 2,
    "rects": 52,
  },
  "sprite_wolf": {
    "bbox": [
      2,
      8,
      50,
      42.1,
    ],
    "circles": 1,
    "digest": "4ba38639",
    "lines": 0,
    "ops": 52,
    "polys": 4,
    "rects": 47,
  },
  "sprite_workbench": {
    "bbox": [
      4.100251257867601,
      14,
      43.8997487421324,
      43.1,
    ],
    "circles": 0,
    "digest": "743ff2c7",
    "lines": 0,
    "ops": 19,
    "polys": 1,
    "rects": 18,
  },
  "tile_grass": {
    "bbox": [
      0,
      0,
      32,
      33,
    ],
    "circles": 2,
    "digest": "3c08b944",
    "lines": 0,
    "ops": 77,
    "polys": 0,
    "rects": 75,
  },
  "tile_rock": {
    "bbox": [
      0,
      0,
      32,
      32,
    ],
    "circles": 0,
    "digest": "d84f0e43",
    "lines": 3,
    "ops": 71,
    "polys": 0,
    "rects": 68,
  },
  "tile_sand": {
    "bbox": [
      0,
      0,
      32,
      32,
    ],
    "circles": 0,
    "digest": "e9b7bf59",
    "lines": 0,
    "ops": 72,
    "polys": 0,
    "rects": 72,
  },
}
`;
