// Vitest Snapshot v1, https://vitest.dev/guide/snapshot.html

exports[`sprite painters > matches the recorded fingerprints (regression guard) 1`] = `
{
  "sprite_bamboo": {
    "bbox": [
      6,
      8,
      42,
      50.1,
    ],
    "circles": 0,
    "digest": "7f742c4a",
    "lines": 0,
    "ops": 25,
    "polys": 3,
    "rects": 22,
  },
  "sprite_berry_bush": {
    "bbox": [
      5,
      4,
      35,
      32.1,
    ],
    "circles": 8,
    "digest": "ab6856a4",
    "lines": 0,
    "ops": 14,
    "polys": 0,
    "rects": 6,
  },
  "sprite_boar": {
    "bbox": [
      7.018761733421366,
      11,
      47,
      38,
    ],
    "circles": 1,
    "digest": "c139966d",
    "lines": 0,
    "ops": 46,
    "polys": 2,
    "rects": 43,
  },
  "sprite_bush": {
    "bbox": [
      5,
      4,
      35,
      32.1,
    ],
    "circles": 4,
    "digest": "6943d924",
    "lines": 0,
    "ops": 10,
    "polys": 0,
    "rects": 6,
  },
  "sprite_clay_mound": {
    "bbox": [
      5.043422803994858,
      12,
      38.95657719600514,
      38.1,
    ],
    "circles": 3,
    "digest": "c72b273c",
    "lines": 0,
    "ops": 70,
    "polys": 0,
    "rects": 67,
  },
  "sprite_crab": {
    "bbox": [
      4,
      7,
      38,
      32.1,
    ],
    "circles": 6,
    "digest": "3e28e0b9",
    "lines": 0,
    "ops": 40,
    "polys": 0,
    "rects": 34,
  },
  "sprite_crocodile": {
    "bbox": [
      4.035190649494776,
      15,
      52,
      36,
    ],
    "circles": 1,
    "digest": "890650e8",
    "lines": 0,
    "ops": 40,
    "polys": 6,
    "rects": 33,
  },
  "sprite_fish": {
    "bbox": [
      2,
      8,
      33.976539567003485,
      31.1,
    ],
    "circles": 2,
    "digest": "7974724d",
    "lines": 0,
    "ops": 28,
    "polys": 2,
    "rects": 24,
  },
  "sprite_gem_vein": {
    "bbox": [
      8,
      12,
      34,
      39.1,
    ],
    "circles": 9,
    "digest": "96d0b821",
    "lines": 2,
    "ops": 20,
    "polys": 3,
    "rects": 6,
  },
  "sprite_gold_vein": {
    "bbox": [
      8,
      12,
      34,
      39.1,
    ],
    "circles": 8,
    "digest": "9014b4b4",
    "lines": 2,
    "ops": 19,
    "polys": 3,
    "rects": 6,
  },
  "sprite_hawk": {
    "bbox": [
      6,
      12.5,
      43,
      33,
    ],
    "circles": 1,
    "digest": "594461a4",
    "lines": 0,
    "ops": 34,
    "polys": 3,
    "rects": 30,
  },
  "sprite_herb": {
    "bbox": [
      9,
      19,
      30,
      42,
    ],
    "circles": 10,
    "digest": "9ef9eb76",
    "lines": 0,
    "ops": 15,
    "polys": 0,
    "rects": 5,
  },
  "sprite_iron_vein": {
    "bbox": [
      8,
      12,
      34,
      39.1,
    ],
    "circles": 8,
    "digest": "5190be1c",
    "lines": 2,
    "ops": 19,
    "polys": 3,
    "rects": 6,
  },
  "sprite_komodo": {
    "bbox": [
      0,
      13,
      60,
      39,
    ],
    "circles": 2,
    "digest": "8b226d71",
    "lines": 3,
    "ops": 47,
    "polys": 6,
    "rects": 36,
  },
  "sprite_monkey": {
    "bbox": [
      9,
      7,
      35,
      35,
    ],
    "circles": 8,
    "digest": "12852b55",
    "lines": 0,
    "ops": 10,
    "polys": 0,
    "rects": 2,
  },
  "sprite_mushroom": {
    "bbox": [
      8.04705955010467,
      15.666666666666666,
      28.960783708246105,
      34,
    ],
    "circles": 6,
    "digest": "b4f26cf6",
    "lines": 0,
    "ops": 31,
    "polys": 0,
    "rects": 25,
  },
  "sprite_npc": {
    "bbox": [
      7,
      3,
      25,
      32.1,
    ],
    "circles": 0,
    "digest": "34f5063d",
    "lines": 0,
    "ops": 17,
    "polys": 0,
    "rects": 17,
  },
  "sprite_obsidian_rock": {
    "bbox": [
      4.09022613208084,
      8,
      39.90977386791916,
      40.1,
    ],
    "circles": 1,
    "digest": "c9f17922",
    "lines": 2,
    "ops": 16,
    "polys": 3,
    "rects": 10,
  },
  "sprite_oyster_bed": {
    "bbox": [
      6.020012515649457,
      14.5,
      37.979987484350545,
      37.1,
    ],
    "circles": 2,
    "digest": "fdd56eb9",
    "lines": 4,
    "ops": 114,
    "polys": 0,
    "rects": 108,
  },
  "sprite_palm": {
    "bbox": [
      14,
      2,
      50,
      50.1,
    ],
    "circles": 2,
    "digest": "a55665b4",
    "lines": 0,
    "ops": 32,
    "polys": 10,
    "rects": 20,
  },
  "sprite_pine": {
    "bbox": [
      12.167840433800768,
      -4,
      35.83215956619923,
      50.1,
    ],
    "circles": 0,
    "digest": "ce1dc225",
    "lines": 0,
    "ops": 17,
    "polys": 8,
    "rects": 9,
  },
  "sprite_player": {
    "bbox": [
      7,
      3,
      25,
      32.1,
    ],
    "circles": 0,
    "digest": "edb4ad38",
    "lines": 0,
    "ops": 19,
    "polys": 0,
    "rects": 19,
  },
  "sprite_rare_plant": {
    "bbox": [
      9,
      10,
      31,
      36,
    ],
    "circles": 9,
    "digest": "9008599d",
    "lines": 0,
    "ops": 10,
    "polys": 0,
    "rects": 1,
  },
  "sprite_rock": {
    "bbox": [
      8,
      12,
      34,
      39.1,
    ],
    "circles": 0,
    "digest": "50d81a74",
    "lines": 2,
    "ops": 11,
    "polys": 3,
    "rects": 6,
  },
  "sprite_ruin_cache": {
    "bbox": [
      6.080201006294081,
      17,
      37.91979899370592,
      39.1,
    ],
    "circles": 2,
    "digest": "b491bc8f",
    "lines": 1,
    "ops": 21,
    "polys": 0,
    "rects": 18,
  },
  "sprite_salt_flat": {
    "bbox": [
      4.015631787577302,
      10.5,
      39.984368212422694,
      36.1,
    ],
    "circles": 0,
    "digest": "11f476b8",
    "lines": 5,
    "ops": 71,
    "polys": 0,
    "rects": 66,
  },
  "sprite_sand_bank": {
    "bbox": [
      4.0626088853479025,
      12,
      39.9373911146521,
      37.1,
    ],
    "circles": 0,
    "digest": "53430674",
    "lines": 2,
    "ops": 17,
    "polys": 2,
    "rects": 13,
  },
  "sprite_seagull": {
    "bbox": [
      6,
      12.5,
      43,
      33,
    ],
    "circles": 1,
    "digest": "4b616bca",
    "lines": 0,
    "ops": 34,
    "polys": 3,
    "rects": 30,
  },
  "sprite_shell_pile": {
    "bbox": [
      -2,
      12,
      41,
      43,
    ],
    "circles": 0,
    "digest": "9c287563",
    "lines": 30,
    "ops": 90,
    "polys": 0,
    "rects": 60,
  },
  "sprite_snake": {
    "bbox": [
      6,
      11,
      45,
      34,
    ],
    "circles": 14,
    "digest": "709e1ec0",
    "lines": 0,
    "ops": 15,
    "polys": 0,
    "rects": 1,
  },
  "sprite_sulfur_vent": {
    "bbox": [
      5.059130613939686,
      6.5,
      38.940869386060314,
      37.1,
    ],
    "circles": 10,
    "digest": "d978ee05",
    "lines": 0,
    "ops": 78,
    "polys": 0,
    "rects": 68,
  },
  "sprite_tiger": {
    "bbox": [
      7.017571064126798,
      6,
      48.98610037780571,
      41,
    ],
    "circles": 1,
    "digest": "3f37250c",
    "lines": 0,
    "ops": 50,
    "polys": 2,
    "rects": 47,
  },
  "sprite_tree": {
    "bbox": [
      7,
      5,
      42,
      47,
    ],
    "circles": 5,
    "digest": "a860fd57",
    "lines": 0,
    "ops": 16,
    "polys": 0,
    "rects": 11,
  },
  "sprite_wolf": {
    "bbox": [
      2,
      8,
      50,
      40,
    ],
    "circles": 1,
    "digest": "5c983de1",
    "lines": 0,
    "ops": 44,
    "polys": 4,
    "rects": 39,
  },
  "tile_grass": {
    "bbox": [
      0,
      0,
      32,
      33,
    ],
    "circles": 0,
    "digest": "9b511961",
    "lines": 0,
    "ops": 41,
    "polys": 0,
    "rects": 41,
  },
  "tile_rock": {
    "bbox": [
      0,
      0,
      32,
      32,
    ],
    "circles": 0,
    "digest": "f42a3be3",
    "lines": 3,
    "ops": 31,
    "polys": 0,
    "rects": 28,
  },
  "tile_sand": {
    "bbox": [
      0,
      0,
      32,
      32,
    ],
    "circles": 0,
    "digest": "fa35aba9",
    "lines": 0,
    "ops": 29,
    "polys": 0,
    "rects": 29,
  },
}
`;
